// Jest Snapshot v1, https://goo.gl/fbAQLP

exports[`<GifCard /> matches the snapshot 1`] = `
<div
  className="gifcard-container"
  onClick={[Function]}
>
  <img />
</div>
`;
