// Jest Snapshot v1, https://goo.gl/fbAQLP

exports[`<GifModal /> matches the snapshot 1`] = `
<div
  className="GifModal-modal"
>
  <div
    className="GifModal-content"
  >
    <span
      className="close"
    >
      Ã—
    </span>
    testing modal
  </div>
</div>
`;
